//line input.go:1:1
package test

func TestFunction() {
  // Original function body
//line <generated>:1
  {
    _ = "1) Partial: namespace partial, order 0 (applied 5)"
  }
  {
    _ = "2) Explicit: namespace explicit, order 20 (applied 4)"
  }
  {
    _ = "3) Explicit: namespace explicit, order 10 (applied 3)"
  }
  {
    _ = "4) Order only: namespace default, order 15 (applied 2)"
  }
  {
    _ = "5) Default: namespace default, order 0 (applied 1)"
  }
}
