//line input.go:1:1
package runtime

//line <generated>:1
import __orchestrion_orchestrionunsafe "unsafe"

//line input.go:3
type atomicPointer[T any] struct{ value *T }

func (p *atomicPointer[T]) Load() *T   { return p.value }
func (p *atomicPointer[T]) Store(v *T) { p.value = v }

type m struct {
  curg *g
}

type g struct {
  m *m
//line <generated>:1
  __dd_orchestrion_ctx             any
  __dd_orchestrion_ctx_pending     any
  __dd_orchestrion_ctx_pending_set bool
}

//line input.go:15
type funcval struct{}
type p struct{}

func getg() *g                            { return &g{m: &m{}} }
func systemstack(f func())                { f() }
func newproc1(_ *funcval, callergp *g) *g { return &g{} }
func runqput(_ *p, _ *g, _ bool)          {}

func newproc(fn *funcval) {
//line <generated>:1
  {
    if gp := getg(); __dd_orchestrion_ctx_prepare_go(gp) {
      defer __dd_orchestrion_ctx_clear_go(gp)
    }
  }
//line input.go:24
  gp := getg()
  systemstack(func() {
    newg :=
//line <generated>:1
      __dd_orchestrion_ctx_attach_go(
//line input.go:26
        newproc1(fn, gp))
    runqput(nil, newg, true)
  })
}

func goexit1() {
//line <generated>:1
  {
    getg().__dd_orchestrion_ctx = nil
    getg().__dd_orchestrion_ctx_pending = nil
    getg().__dd_orchestrion_ctx_pending_set = false
  }
}

var __dd_orchestrion_ctx_go atomicPointer[byte]

//go:linkname __dd_orchestrion_ctx_get __dd_orchestrion_ctx_get
var __dd_orchestrion_ctx_get = func() any {
  return getg().m.curg.__dd_orchestrion_ctx
}

//go:linkname __dd_orchestrion_ctx_set __dd_orchestrion_ctx_set
var __dd_orchestrion_ctx_set = func(val any) {
  getg().m.curg.__dd_orchestrion_ctx = val
}

//go:linkname __dd_orchestrion_ctx_set_go __dd_orchestrion_ctx_set_go
var __dd_orchestrion_ctx_set_go = func(hook __orchestrion_orchestrionunsafe.Pointer) {
  __dd_orchestrion_ctx_go.Store((*byte)(hook))
}

func __dd_orchestrion_ctx_prepare_go(gp *g) bool {
  if gp != gp.m.curg {
    return false
  }
  hookPtr := __dd_orchestrion_ctx_go.Load()
  if hookPtr == nil {
    return false
  }
  hook := (*func(any) any)(__orchestrion_orchestrionunsafe.Pointer(hookPtr))
  gp.__dd_orchestrion_ctx_pending = (*hook)(gp.__dd_orchestrion_ctx)
  gp.__dd_orchestrion_ctx_pending_set = true
  return true
}

func __dd_orchestrion_ctx_clear_go(gp *g) {
  gp.__dd_orchestrion_ctx_pending = nil
  gp.__dd_orchestrion_ctx_pending_set = false
}

func __dd_orchestrion_ctx_attach_go(newg *g) *g {
  parent := getg().m.curg
  if parent != nil && parent.__dd_orchestrion_ctx_pending_set {
    newg.__dd_orchestrion_ctx = parent.__dd_orchestrion_ctx_pending
  }
  return newg
}
