//line input.go:1:1
package main

import (
  "log"
  "net/http"

  "github.com/go-chi/chi/v5"
//line <generated>:1
  __orchestrion_chitrace "gopkg.in/DataDog/dd-trace-go.v1/contrib/go-chi/chi.v5"
)

//line input.go:10
func main() {
  router :=
//line <generated>:1
    func() *chi.Mux {
      mux :=
//line input.go:11
        chi.NewRouter()
//line <generated>:1
      mux.Use(__orchestrion_chitrace.Middleware())
      return mux
    }()
//line input.go:12
  router.Get("/", func(w http.ResponseWriter, _ *http.Request) {
    w.Write([]byte("Hello World!"))
  })
  s := &http.Server{
    Addr:    ":8080",
    Handler: router,
  }
  log.Print(s.ListenAndServe())
}
