//line samples/server/chiv5.go:1:1
// Unless explicitly stated otherwise all files in this repository are licensed
// under the Apache License Version 2.0.
// This product includes software developed at Datadog (https://www.datadoghq.com/).
// Copyright 2023-present Datadog, Inc.

package main

import (
	"net/http"

	"github.com/go-chi/chi/v5"
//line <generated>
	__orchestrion_chitrace "gopkg.in/DataDog/dd-trace-go.v1/contrib/go-chi/chi.v5"
)

//line samples/server/chiv5.go:14
func chiV5Server() {
	router :=
//line <generated>
		func() *chi.Mux {
			mux :=
//line samples/server/chiv5.go:15
				chi.NewRouter()
//line <generated>
			mux.Use(__orchestrion_chitrace.Middleware())
			return mux
		}()
//line samples/server/chiv5.go:16
	router.Get("/", func(w http.ResponseWriter, _ *http.Request) {
		w.Write([]byte("Hello World!\n"))
	})
	http.ListenAndServe(":8080", router)
}
