//line samples/server/confluentinc_kafka.go:1:1
// Unless explicitly stated otherwise all files in this repository are licensed
// under the Apache License Version 2.0.
// This product includes software developed at Datadog (https://www.datadoghq.com/).
// Copyright 2023-present Datadog, Inc.

package main

import (
	"github.com/confluentinc/confluent-kafka-go/kafka"
//line <generated>
	__orchestrion_kafkatrace "gopkg.in/DataDog/dd-trace-go.v1/contrib/confluentinc/confluent-kafka-go/kafka"
)

//line samples/server/confluentinc_kafka.go:12
func confluentincKafkaProducer() {
	cfg := &kafka.ConfigMap{
		"group.id":            "gotest",
		"bootstrap.servers":   "localhost:9092",
		"go.delivery.reports": true,
	}
	producer, err :=
//line <generated>
		func(p *kafka.Producer, err error) (*__orchestrion_kafkatrace.Producer, error) {
			var wp *__orchestrion_kafkatrace.Producer
			if p != nil {
				wp = __orchestrion_kafkatrace.WrapProducer(p)
			}
			return wp, err
		}(
//line samples/server/confluentinc_kafka.go:18
			kafka.NewProducer(cfg))
	if err != nil {
		panic(err)
	}
	defer producer.Close()
}
