// Unless explicitly stated otherwise all files in this repository are licensed
// under the Apache License Version 2.0.
// This product includes software developed at Datadog (https://www.datadoghq.com/).
// Copyright 2023-present Datadog, Inc.

package main

import (
	"io"
	"net/http"

	"github.com/gorilla/mux"
//line <generated>:1
	__orchestrion_instrument "github.com/datadog/orchestrion/instrument"
)

//line samples/server/gorilla.go:15
func gorillaMuxServer() {
	r := mux.NewRouter()
	ping :=
//line <generated>:1
		__orchestrion_instrument.WrapHandlerFunc(
//line samples/server/gorilla.go:17
			func(w http.ResponseWriter, r *http.Request) {
				w.Header().Set("Content-Type", "application/json")
				w.WriteHeader(http.StatusOK)

				_, _ = io.WriteString(w, `{"message":"pong"}`)
			})
//line samples/server/gorilla.go:23
	r.HandleFunc("/ping", ping).Methods("GET")
	_ = http.ListenAndServe(":8080", r)
}
