//line samples/server/gorilla.go:1:1
// Unless explicitly stated otherwise all files in this repository are licensed
// under the Apache License Version 2.0.
// This product includes software developed at Datadog (https://www.datadoghq.com/).
// Copyright 2023-present Datadog, Inc.

package main

import (
	"io"
	"net/http"

	"github.com/gorilla/mux"
//line <generated>
	__orchestrion_instrument "github.com/DataDog/orchestrion/instrument"
)

//line samples/server/gorilla.go:15
func gorillaMuxServer() {
	r := mux.NewRouter()
	ping := func(w http.ResponseWriter, r *http.Request) {
		w.Header().Set("Content-Type", "application/json")
		w.WriteHeader(http.StatusOK)

		_, _ = io.WriteString(w, `{"message":"pong"}`)
	}
	r.HandleFunc("/ping", ping).Methods("GET")
	_ =
//line <generated>
//line samples/server/gorilla.go:24
		http.ListenAndServe(":8080",
//line <generated>
			__orchestrion_instrument.MaybeWrapHandler(
//line samples/server/gorilla.go:24
				r),
		)
}
