// Unless explicitly stated otherwise all files in this repository are licensed
// under the Apache License Version 2.0.
// This product includes software developed at Datadog (https://www.datadoghq.com/).
// Copyright 2023-present Datadog, Inc.

package main

import (
	"context"
	"fmt"
	"net/http"
	"net/http/httptest"
	"os"
	"strings"
	"time"
//line <generated>:1
	"github.com/datadog/orchestrion/instrument"
	"github.com/datadog/orchestrion/instrument/event"
)

//line samples/server/other_handlers.go:18
type foo struct{}

func (f foo) fooHandler(rw http.ResponseWriter, req *http.Request) {
	rw.WriteHeader(http.StatusOK)
	rw.Write([]byte("Foo!"))
}

func buildHandlers() {
	http.HandleFunc("/foo/bar",
//line <generated>:1
		instrument.WrapHandlerFunc(
//line samples/server/other_handlers.go:26
			func(writer http.ResponseWriter, request *http.Request) {
				writer.Write([]byte("done!"))
			}))
//line samples/server/other_handlers.go:29
	v :=
//line <generated>:1
		instrument.WrapHandlerFunc(
//line samples/server/other_handlers.go:29
			func(w http.ResponseWriter, r *http.Request) {
				w.Write([]byte("another one!"))
			})

//line samples/server/other_handlers.go:33
	fmt.Printf("%T\n", v)

	type holder struct {
		f http.HandlerFunc
	}

	x := holder{
		f:
//line <generated>:1
		instrument.WrapHandlerFunc(
//line samples/server/other_handlers.go:40
			func(w http.ResponseWriter, request *http.Request) {
				w.Write([]byte("asdf"))
			}),
	}

//line samples/server/other_handlers.go:45
	fmt.Println(x)

	// silly legal things
//line <generated>:1
	instrument.WrapHandlerFunc(
//line samples/server/other_handlers.go:48
		func(w http.ResponseWriter, r *http.Request) {
			client := &http.Client{
				Timeout: time.Second,
			}
			req, err := http.NewRequestWithContext(context.Background(), http.MethodPost, "localhost:8080", strings.NewReader(os.Args[1]))
			if err != nil {
				panic(err)
			}
			resp, err := client.Do(req)
			if err != nil {
				panic(err)
			}
			fmt.Println(resp.Status)
			w.Write([]byte("expression!"))
		})(
//line samples/server/other_handlers.go:62
		httptest.NewRecorder(), httptest.NewRequest(http.MethodPost, "/asfd", nil))

	for i := 0; i < 10; i++ {
		go
//line <generated>:1
		instrument.WrapHandlerFunc(
//line samples/server/other_handlers.go:65
			func(w http.ResponseWriter, r *http.Request) {
				w.Write([]byte("goroutine!"))
			})(
//line samples/server/other_handlers.go:67
			httptest.NewRecorder(), httptest.NewRequest(http.MethodPost, "/asfd", nil))
	}

	defer
//line <generated>:1
	instrument.WrapHandlerFunc(
//line samples/server/other_handlers.go:70
		func(w http.ResponseWriter, r *http.Request) {
			w.Write([]byte("goroutine!"))
		})(
//line samples/server/other_handlers.go:72
		httptest.NewRecorder(), httptest.NewRequest(http.MethodPost, "/asfd", nil))
}

//dd:span foo:bar type:potato
func myFunc(ctx context.Context, name string) {
//line <generated>:1
	{
		ctx = instrument.Report(ctx, event.EventStart, "function-name", "myFunc", "foo", "bar", "type", "potato")
		defer instrument.Report(ctx, event.EventEnd, "function-name", "myFunc", "foo", "bar", "type", "potato")
	}
//line samples/server/other_handlers.go:77
	fmt.Println(name)
}

//dd:span foo2:bar2 type:request
func myFunc2(name string, req *http.Request) {
//line <generated>:1
	{
		req = req.WithContext(instrument.Report(req.Context(), event.EventStart, "function-name", "myFunc2", "foo2", "bar2", "type", "request"))
		defer instrument.Report(req.Context(), event.EventEnd, "function-name", "myFunc2", "foo2", "bar2", "type", "request")
	}
//line samples/server/other_handlers.go:82
	fmt.Println(name)
}

//dd:span foo3:bar3 type:request
func myFunc3(name string) {
	fmt.Println(name)
}

func registerHandlers() {
	handler := http.HandlerFunc(myHandler)
	http.Handle("/handle-1", handler)
	http.Handle("/hundle-2", http.HandlerFunc(myHandler))
	http.Handle("/hundle-3", http.HandlerFunc(
//line <generated>:1
		instrument.WrapHandlerFunc(
//line samples/server/other_handlers.go:94
			func(w http.ResponseWriter, r *http.Request) {})))
//line samples/server/other_handlers.go:95
	http.HandleFunc("/handlefunc-1", handler)
	http.HandleFunc("/handlefunc-2", http.HandlerFunc(myHandler))
	http.HandleFunc("/handlefunc-3",
//line <generated>:1
		instrument.WrapHandlerFunc(
//line samples/server/other_handlers.go:97
			func(w http.ResponseWriter, r *http.Request) {}))
//line samples/server/other_handlers.go:98
	s := http.NewServeMux()
	s.Handle("/handle-mux", handler)
	s.Handle("/handle-mux", http.HandlerFunc(myHandler))
	s.Handle("/handle-mux", http.HandlerFunc(
//line <generated>:1
		instrument.WrapHandlerFunc(
//line samples/server/other_handlers.go:101
			func(w http.ResponseWriter, r *http.Request) {})))
//line samples/server/other_handlers.go:102
	s.HandleFunc("/handlefunc-1", handler)
	s.HandleFunc("/handlefunc-2", http.HandlerFunc(myHandler))
	s.HandleFunc("/handlefunc-3",
//line <generated>:1
		instrument.WrapHandlerFunc(
//line samples/server/other_handlers.go:104
			func(w http.ResponseWriter, r *http.Request) {}))
//line samples/server/other_handlers.go:105
	_ = &http.Server{
		Addr: ":8080",
		Handler:
//line <generated>:1
		//dd:startwrap
		instrument.WrapHandler(
//line samples/server/other_handlers.go:107
			handler),
		//dd:endwrap
	}
}
