// Unless explicitly stated otherwise all files in this repository are licensed
// under the Apache License Version 2.0.
// This product includes software developed at Datadog (https://www.datadoghq.com/).
// Copyright 2023-present Datadog, Inc.

package main

import (
	"context"
	"log"
	"net/http"
//line <generated>:1
	_ "github.com/datadog/orchestrion/instrument/net/http"
)

//line samples/client/http-default.go:14
func useDefaultClient(ctx context.Context) {
	req, err := http.NewRequestWithContext(ctx, http.MethodGet, "http://localhost:8080", nil)
	if err != nil {
		log.Fatal(err)
	}
	resp, err := http.DefaultClient.Do(req)
	if err != nil {
		log.Fatal(err)
	}
	defer resp.Body.Close()

	log.Println("HTTP", resp.StatusCode)
}
