// Unless explicitly stated otherwise all files in this repository are licensed
// under the Apache License Version 2.0.
// This product includes software developed at Datadog (https://www.datadoghq.com/).
// Copyright 2023-present Datadog, Inc.

package main

import (
	"context"
	"log"
	"net/http"
	"time"
//line <generated>:1
	http1 "gopkg.in/DataDog/dd-trace-go.v1/contrib/net/http"
)

//line samples/client/http-custom.go:15
var client = &http.Client{
	Transport:
//line <generated>:1
	http1.WrapRoundTripper(
//line samples/client/http-custom.go:16
		http.DefaultTransport),
//line samples/client/http-custom.go:17
	Timeout: time.Minute,
}

func useCustomClient(ctx context.Context) {
	req, err := http.NewRequestWithContext(ctx, http.MethodGet, "http://localhost:8080", nil)
	if err != nil {
		log.Fatal(err)
	}
	resp, err := client.Do(req)
	if err != nil {
		log.Fatal(err)
	}
	defer resp.Body.Close()

	log.Println("HTTP", resp.StatusCode)
}
