//line samples/client/logrus.go:1:1
// Unless explicitly stated otherwise all files in this repository are licensed
// under the Apache License Version 2.0.
// This product includes software developed at Datadog (https://www.datadoghq.com/).
// Copyright 2023-present Datadog, Inc.

package main

import "github.com/sirupsen/logrus"

//line samples/client/logrus.go:10
func SampleLogrus() {
	logger :=
//line <generated>
		func(logger *logrus.Logger) *logrus.Logger {
			logger.AddHook(&logrus.DDContextLogHook{})
			return logger
		}(
//line samples/client/logrus.go:11
			&logrus.Logger{})
	logger.Infoln("info")
}
