//line samples/client/redis.go:1:1
// Unless explicitly stated otherwise all files in this repository are licensed
// under the Apache License Version 2.0.
// This product includes software developed at Datadog (https://www.datadoghq.com/).
// Copyright 2023-present Datadog, Inc.

package main

import (
	"context"
	"fmt"
	"time"

	redisv0 "github.com/go-redis/redis"
	redisv7 "github.com/go-redis/redis/v7"
	redisv8 "github.com/go-redis/redis/v8"
	redigo "github.com/gomodule/redigo/redis"
	redisv9 "github.com/redis/go-redis/v9"
//line <generated>
	__orchestrion_trace "gopkg.in/DataDog/dd-trace-go.v1/contrib/go-redis/redis"
	__orchestrion_trace1 "gopkg.in/DataDog/dd-trace-go.v1/contrib/go-redis/redis.v7"
	__orchestrion_trace2 "gopkg.in/DataDog/dd-trace-go.v1/contrib/go-redis/redis.v8"
	__orchestrion_redigotrace "gopkg.in/DataDog/dd-trace-go.v1/contrib/gomodule/redigo"
	__orchestrion_trace3 "gopkg.in/DataDog/dd-trace-go.v1/contrib/redis/go-redis.v9"
)

//line samples/client/redis.go:20
func redisV0Client() {
	client :=
//line <generated>
		func() (client *redisv0.Client) {
			client =
//line samples/client/redis.go:21
				redisv0.NewClient(&redisv0.Options{Addr: "127.0.0.1", Password: "", DB: 0})
//line <generated>
			__orchestrion_trace.WrapClient(client)
			return
		}()
//line samples/client/redis.go:22
	defer client.Close()
	if res := client.Set("test_key", "test_value", 0); res.Err() != nil {
		panic(res.Err())
	}
}

func redisV7Client() {
	client :=
//line <generated>
		func() (client *redisv7.Client) {
			client =
//line samples/client/redis.go:29
				redisv7.NewClient(&redisv7.Options{Addr: "127.0.0.1", Password: "", DB: 0})
//line <generated>
			__orchestrion_trace1.WrapClient(client)
			return
		}()
//line samples/client/redis.go:30
	defer client.Close()
	if res := client.Set("test_key", "test_value", 0); res.Err() != nil {
		panic(res.Err())
	}
}

func redisV8Client(ctx context.Context) {
	client :=
//line <generated>
		func() (client *redisv8.Client) {
			client =
//line samples/client/redis.go:37
				redisv8.NewClient(&redisv8.Options{Addr: "127.0.0.1", Password: "", DB: 0})
//line <generated>
			__orchestrion_trace2.WrapClient(client)
			return
		}()
//line samples/client/redis.go:38
	defer client.Close()
	if res := client.Set(ctx, "test_key", "test_value", 0); res.Err() != nil {
		panic(res.Err())
	}
}

func redisV9Client(ctx context.Context) {
	client :=
//line <generated>
		func() (client *redisv9.Client) {
			client =
//line samples/client/redis.go:45
				redisv9.NewClient(&redisv9.Options{Addr: "127.0.0.1", Password: "", DB: 0})
//line <generated>
			__orchestrion_trace3.WrapClient(client)
			return
		}()
//line samples/client/redis.go:46
	defer client.Close()
	if res := client.Set(ctx, "test_key", "test_value", 0); res.Err() != nil {
		panic(res.Err())
	}
}

func redigoClient(ctx context.Context, net, addr string) {
	use := func(conn redigo.Conn) {
		conn.Do("SET", "test_key", "test_value", ctx)
	}

	options := []redigo.DialOption{
		redigo.DialConnectTimeout(5 * time.Second),
	}

	if conn, err :=
//line <generated>
		func() (redigo.Conn, error) {
			return __orchestrion_redigotrace.Dial(
//line samples/client/redis.go:61
				net, addr)
		}();
//line samples/client/redis.go:61
	err != nil {
		panic(err)
	} else {
		use(conn)
	}

	if conn, err :=
//line <generated>
		func() (redigo.Conn, error) {
			return __orchestrion_redigotrace.DialContext(
//line samples/client/redis.go:67
				ctx, net, addr, redigo.DialConnectTimeout(5*time.Second))
		}();
//line samples/client/redis.go:67
	err != nil {
		panic(err)
	} else {
		use(conn)
	}

	if conn, err :=
//line <generated>
		func() (redigo.Conn, error) {
			opts :=
//line samples/client/redis.go:73
				options
//line <generated>
			anyOpts := make([]interface{}, len(opts))
			for i, v := range opts {
				anyOpts[i] = v
			}
			return __orchestrion_redigotrace.DialURL(
//line samples/client/redis.go:73
				fmt.Sprintf("%s://%s", net, addr),
//line <generated>
				anyOpts...)
		}();
//line samples/client/redis.go:73
	err != nil {
		panic(err)
	} else {
		use(conn)
	}
}
