// Unless explicitly stated otherwise all files in this repository are licensed
// under the Apache License Version 2.0.
// This product includes software developed at Datadog (https://www.datadoghq.com/).
// Copyright 2024-present Datadog, Inc.

package main

import (
	"github.com/hashicorp/vault/api"
//line <generated>:1
	__orchestrion_vault "gopkg.in/DataDog/dd-trace-go.v1/contrib/hashicorp/vault"
)

//line samples/client/vault.go:12
func vaultClient() {
	c, err := __orchestrion_vault.NewClient(&api.Config{
		Address: "http://vault.mydomain.com:8200",
	})
	if err != nil {
		panic(err)
	}
	c.Logical().Read("secret/key")
}
