//line input.go:1:1
package test

import (
  "errors"
  "fmt"

  "braces.dev/errtrace"
  goerrors "github.com/go-errors/errors"
  "github.com/joomcode/errorx"
  "github.com/ztrue/tracerr"
  "go.uber.org/multierr"
//line <generated>:1
  __orchestrion_errortrace "github.com/DataDog/dd-trace-go/v2/instrumentation/errortrace"
)

//line input.go:14
var pkgLevelError error
var initializedError error = errors.New("outside function")

// Returns a single error
func withError() (__result__0 error) {
//line <generated>:1
  {
    defer func() {
      __result__0 = __orchestrion_errortrace.Wrap(__result__0)
    }()
  }
//line input.go:19
  return errors.New("some error")
}

// Returns multiple values, including an error
func withMultipleReturn() (_ string, __result__1 error) {
//line <generated>:1
  {
    defer func() {
      __result__1 = __orchestrion_errortrace.Wrap(__result__1)
    }()
  }
//line input.go:24
  return "some string", errors.New("some error")
}

// Returns a wrapped error
func withWrappedError() (__result__0 error) {
//line <generated>:1
  {
    defer func() {
      __result__0 = __orchestrion_errortrace.Wrap(__result__0)
    }()
  }
//line input.go:29
  return fmt.Errorf("some error")
}

// Returns error in first position
func withErrorFirst() (__result__0 error, _ string) {
//line <generated>:1
  {
    defer func() {
      __result__0 = __orchestrion_errortrace.Wrap(__result__0)
    }()
  }
//line input.go:34
  return errors.New("some error"), "some string"
}

// Returns error in second position
func withErrorSecond() (_ string, __result__1 error, _ string) {
//line <generated>:1
  {
    defer func() {
      __result__1 = __orchestrion_errortrace.Wrap(__result__1)
    }()
  }
//line input.go:39
  return "first", errors.New("some error"), "last"
}

// Return multiple errors
func withMultipleErrors() (_ error, __result__1 error) {
//line <generated>:1
  {
    defer func() {
      __result__1 = __orchestrion_errortrace.Wrap(__result__1)
    }()
  }
//line input.go:44
  return errors.New("first"), errors.New("second")
}

// Return an error that was declared at the package level
func packageDeclaredLevelError() (__result__0 error) {
//line <generated>:1
  {
    defer func() {
      __result__0 = __orchestrion_errortrace.Wrap(__result__0)
    }()
  }
//line input.go:49
  pkgLevelError = errors.New("inside function")
  return pkgLevelError
}

// Return an error that was initialized at the package level
func packageInitializedLevelError() (__result__0 error) {
//line <generated>:1
  {
    defer func() {
      __result__0 = __orchestrion_errortrace.Wrap(__result__0)
    }()
  }
//line input.go:55
  return initializedError
}

// No matches - doesn't return error
func noMatch(val uint32) string {
  return ""
}

// uber-go/multierr =========================================================
// Returns error from multierr
func withMultierrInvoker() (__result__0 error) {
//line <generated>:1
  {
    defer func() {
      __result__0 = __orchestrion_errortrace.Wrap(__result__0)
    }()
  }
//line input.go:66
  return multierr.Combine(errors.New("1"), errors.New("2"))
}

// Returns multiple values, including error
func multipleWithInvoker() (_ string, __result__1 error) {
//line <generated>:1
  {
    defer func() {
      __result__1 = __orchestrion_errortrace.Wrap(__result__1)
    }()
  }
//line input.go:71
  return "", multierr.Combine(errors.New("1"), errors.New("2"))
}

// Returns a multierr Error with append
func withMultierrAppend() (__result__0 error) {
//line <generated>:1
  {
    defer func() {
      __result__0 = __orchestrion_errortrace.Wrap(__result__0)
    }()
  }
//line input.go:76
  var err error
  err = multierr.Append(err, errors.New("first"))
  err = multierr.Append(err, errors.New("second"))
  return err
}

// Returns multiple return values, including multierr.Append error
func multipleWithMultierrAppend() (_ string, __result__1 error) {
//line <generated>:1
  {
    defer func() {
      __result__1 = __orchestrion_errortrace.Wrap(__result__1)
    }()
  }
//line input.go:84
  var err error
  err = multierr.Append(err, errors.New("first"))
  return "", err
}

// go-errors/errors =========================================================
// Returns go-errors/errors.Error
func withGoErrorsError() (__result__0 error) {
//line <generated>:1
  {
    defer func() {
      __result__0 = __orchestrion_errortrace.Wrap(__result__0)
    }()
  }
//line input.go:92
  return goerrors.New("goerrors")
}

// Returns multiple values, including goerrors.Error
func multipleWithGoerrors() (_ string, __result__1 error) {
//line <generated>:1
  {
    defer func() {
      __result__1 = __orchestrion_errortrace.Wrap(__result__1)
    }()
  }
//line input.go:97
  return "", goerrors.New("goerrors")
}

// joomcode/errorx =========================================================
// Returns errorx.Error
func withErrorxError() (__result__0 error) {
//line <generated>:1
  {
    defer func() {
      __result__0 = __orchestrion_errortrace.Wrap(__result__0)
    }()
  }
//line input.go:103
  return errorx.Cast(errors.New("errorx"))
}

// Returns multiple values, including errorx.Error
func multipleWithErrorx() (_ string, __result__1 error) {
//line <generated>:1
  {
    defer func() {
      __result__1 = __orchestrion_errortrace.Wrap(__result__1)
    }()
  }
//line input.go:108
  return "", errorx.Cast(errors.New("errorx"))
}

// Returns errorx.Error with Decorate
func withErrorxDecorate() (__result__0 error) {
//line <generated>:1
  {
    defer func() {
      __result__0 = __orchestrion_errortrace.Wrap(__result__0)
    }()
  }
//line input.go:113
  return errorx.Decorate(errors.New("decorated"), "context")
}

// Returns multiple values, including errorx.Error with Decorate
func multipleWithErrorxDecorate() (_ string, __result__1 error) {
//line <generated>:1
  {
    defer func() {
      __result__1 = __orchestrion_errortrace.Wrap(__result__1)
    }()
  }
//line input.go:118
  return "", errorx.Decorate(errors.New("decorated"), "context")
}

// ztrue/tracerr =========================================================
// Return tracerr.Error
func withTracerrError() (__result__0 error) {
//line <generated>:1
  {
    defer func() {
      __result__0 = __orchestrion_errortrace.Wrap(__result__0)
    }()
  }
//line input.go:124
  return tracerr.New("tracerr")
}

// Return multiple value, including tracerr.Error
func multipleWithTracerr() (_ string, __result__1 error) {
//line <generated>:1
  {
    defer func() {
      __result__1 = __orchestrion_errortrace.Wrap(__result__1)
    }()
  }
//line input.go:129
  return "", tracerr.New("tracerr")
}

// Returns tracerr.Error with Wrap
func withTracerrStack() (__result__0 error) {
//line <generated>:1
  {
    defer func() {
      __result__0 = __orchestrion_errortrace.Wrap(__result__0)
    }()
  }
//line input.go:134
  return tracerr.Wrap(errors.New("wrapped"))
}

// Returns multiple values, including tracerr.Error with Wrap
func multipleWithTracerrStack() (_ string, __result__1 error) {
//line <generated>:1
  {
    defer func() {
      __result__1 = __orchestrion_errortrace.Wrap(__result__1)
    }()
  }
//line input.go:139
  return "", tracerr.Wrap(errors.New("wrapped"))
}

// bracesdev/errtrace ========================================================
// Returns error from errtrace
func withErrtraceNew() (__result__0 error) {
//line <generated>:1
  {
    defer func() {
      __result__0 = __orchestrion_errortrace.Wrap(__result__0)
    }()
  }
//line input.go:145
  return errtrace.New("errtrace")
}

// Returns multiple values, including error from errtrace
func multipleWithErrtrace() (_ string, __result__1 error) {
//line <generated>:1
  {
    defer func() {
      __result__1 = __orchestrion_errortrace.Wrap(__result__1)
    }()
  }
//line input.go:150
  return "", errtrace.New("errtrace")
}

// Return error from errtrace.Wrap
func withErrtraceWrapped() (__result__0 error) {
//line <generated>:1
  {
    defer func() {
      __result__0 = __orchestrion_errortrace.Wrap(__result__0)
    }()
  }
//line input.go:155
  return errtrace.Wrap(errors.New("errtrace"))
}

// Return multiple values, including error
func multipleWithErrtraceWrapped() (_ string, __result__1 error) {
//line <generated>:1
  {
    defer func() {
      __result__1 = __orchestrion_errortrace.Wrap(__result__1)
    }()
  }
//line input.go:160
  return "", errtrace.Wrap(errors.New("errtrace"))
}

// custom error type ========================================================
type customError struct {
  msg string
}

func (c customError) Error() string {
  return fmt.Sprintf("error: %s", c.msg)
}

// Return custom error
func withCustomError() (__result__0 customError) {
//line <generated>:1
  {
    defer func() {
      __result__0 = __orchestrion_errortrace.Wrap(__result__0)
    }()
  }
//line input.go:174
  return customError{
    msg: "hello",
  }
}

func multipleWithCustomError() (_ string, __result__1 customError) {
//line <generated>:1
  {
    defer func() {
      __result__1 = __orchestrion_errortrace.Wrap(__result__1)
    }()
  }
//line input.go:180
  return "", customError{msg: "hello"}
}
