//line samples/server/grpc.go:1:1
// Unless explicitly stated otherwise all files in this repository are licensed
// under the Apache License Version 2.0.
// This product includes software developed at Datadog (https://www.datadoghq.com/).
// Copyright 2023-present Datadog, Inc.

package main

import (
	"log"
	"net"

	"google.golang.org/grpc"
//line <generated>:1
	__orchestrion_grpctrace "github.com/DataDog/dd-trace-go/contrib/google.golang.org/grpc/v2"
)

//line samples/server/grpc.go:15
func grpcServer() {
	ln, err := net.Listen("tcp", ":50051")
	if err != nil {
		log.Fatal(err)
	}

	s := grpc.NewServer(grpc.EmptyServerOption{},
//line <generated>:1
		grpc.ChainStreamInterceptor(__orchestrion_grpctrace.StreamServerInterceptor()), grpc.ChainUnaryInterceptor(__orchestrion_grpctrace.UnaryServerInterceptor()))
//line samples/server/grpc.go:22
	if err := s.Serve(ln); err != nil {
		log.Fatalf("failed to serve: %v", err)
	}
}
